[www.egrappler.com/edmin/index.html]
[backblue.gif]
[fade.gif]
[index.html]
[www.egrappler.com/edmin/bootstrap/css/bootstrap.min.css]
[www.egrappler.com/edmin/bootstrap/css/bootstrap-responsive.min.css]
[www.egrappler.com/edmin/images/icons/css/font-awesome.css]
[www.egrappler.com/edmin/css/theme.css]
[www.google-analytics.com/analytics.js]
[www.egrappler.com/edmin/images/user.png]
[www.egrappler.com/edmin/message.html]
[www.egrappler.com/edmin/activity.html]
[www.egrappler.com/edmin/task.html]
[www.egrappler.com/edmin/ui-button-icon.html]
[www.egrappler.com/edmin/ui-typography.html]
[www.egrappler.com/edmin/form.html]
[www.egrappler.com/edmin/table.html]
[www.egrappler.com/edmin/other-login.html]
[www.egrappler.com/edmin/charts.html]
[www.egrappler.com/edmin/other-user-profile.html]
[www.egrappler.com/edmin/other-user-listing.html]
[www.egrappler.com/edmin/scripts/jquery-1.9.1.min.js]
[www.egrappler.com/edmin/bootstrap/js/bootstrap.min.js]
[www.egrappler.com/edmin/scripts/flot/jquery.flot.resize.js]
[www.egrappler.com/edmin/scripts/common.js]
[www.egrappler.com/wp-content/themes/piha/js/top-bar.js]
[www.egrappler.com/edmin/scripts/flot/jquery.flot.js]
[www.egrappler.com/wp-content/themes/piha/js/bsa-ads.js]
[www.egrappler.com/edmin/index.html]
[www.egrappler.com/edmin/bootstrap/img/glyphicons-halflings.png]
[www.egrappler.com/edmin/bootstrap/img/glyphicons-halflings-white.png]
[www.egrappler.com/edmin/bootstrap/css/bootstrap.min.css]
[www.egrappler.com/edmin/scripts/jquery-ui-1.10.1.custom.min.js]
[www.egrappler.com/edmin/bootstrap/css/bootstrap-responsive.min.css]
[www.egrappler.com/edmin/images/bg.png]
[www.egrappler.com/edmin/images/jquery-ui/picker.png]
[www.egrappler.com/edmin/css/theme.css]
[www.egrappler.com/edmin/images/icons/font/fontawesome-webfont32943294.eot]
[www.egrappler.com/edmin/images/icons/font/fontawesome-webfontd41dd41d.eot]
[www.egrappler.com/edmin/images/icons/font/fontawesome-webfont32943294.woff]
[www.egrappler.com/edmin/images/icons/css/font-awesome.css]
[www.egrappler.com/edmin/scripts/datatables/jquery.dataTables.js]
[www.egrappler.com/edmin/images/img.jpg]
[www.egrappler.com/edmin/activity.html]
[www.egrappler.com/edmin/message.html]
[www.egrappler.com/edmin/task.html]
[www.egrappler.com/edmin/ui-button-icon.html]
[www.egrappler.com/edmin/ui-typography.html]
[www.egrappler.com/edmin/form.html]
[www.egrappler.com/edmin/table.html]
[www.egrappler.com/edmin/charts.html]
[www.egrappler.com/edmin/other-login.html]
[www.egrappler.com/edmin/other-user-profile.html]
[www.egrappler.com/edmin/other-user-listing.html]
[www.egrappler.com/edmin/images/icons/font/fontawesome-webfont32943294.html]
[www.egrappler.com/edmin/scripts/flot/jquery.flot.pie.js]
